// Jest Snapshot v1, https://goo.gl/fbAQLP

exports[`process 1.json return correctly 1`] = `
Object {
  "address_th_1": "หมู่ที่ 10 ต.พังเคน อ.นาตาล",
  "address_th_2": "จ.อุบลราชธานี",
  "confidence": Object {
    "address_th_1": 0.93,
    "address_th_2": 0.95,
    "date_of_birth_en": 0.92,
    "date_of_birth_th": 0.99,
    "date_of_expiry_en": 0.99,
    "date_of_expiry_th": 0.97,
    "date_of_issue_en": 0.38,
    "date_of_issue_th": 0.76,
    "first_name_en": 0.83,
    "id_number": 0.98,
    "last_name_en": 0.98,
    "name_th": 0.95,
    "religion_th": 0.99,
    "serial_number": 0.97,
  },
  "date_of_birth_en": "10 Apr. 1936",
  "date_of_birth_th": "10 เม.ย. 2479",
  "date_of_expiry_en": "LIFELONG",
  "date_of_expiry_th": "ตลอดชีพ",
  "date_of_issue_en": "As2018",
  "date_of_issue_th": "20.ค.2561",
  "first_name_en": "Mrs. Tui",
  "id_number": "5 3430 00028 39 9",
  "last_name_en": "Chawmuangkhong",
  "name_th": "นาง ชาวเมืองคง",
  "religion_th": "พุทธ",
  "serial_number": "3430-01-08200931",
}
`;

exports[`process 2.json return correctly 1`] = `
Object {
  "address_th_1": "335/62 หมู่ที่ 9 ต.สุรนารี อ.เมืองนครราชสีมา",
  "address_th_2": ".นครราชสีมา",
  "confidence": Object {
    "address_th_1": 0.94,
    "address_th_2": 0.68,
    "date_of_birth_en": 0.94,
    "date_of_birth_th": 0.98,
    "date_of_expiry_en": 0.67,
    "date_of_expiry_th": 0.77,
    "date_of_issue_en": 0.55,
    "date_of_issue_th": 0.63,
    "first_name_en": 0.83,
    "id_number": 0.95,
    "last_name_en": 0.85,
    "name_th": 0.99,
    "religion_th": 0,
    "serial_number": 0,
  },
  "date_of_birth_en": "31 Aug. 1989",
  "date_of_birth_th": "31 ส.ค. 2532",
  "date_of_expiry_en": "30 4:38. 202",
  "date_of_expiry_th": "30 ส.ค. 2554",
  "date_of_issue_en": ": Oct. 202",
  "date_of_issue_th": "118.ศ.",
  "first_name_en": "Mr. Naphong",
  "id_number": "1 1008 00573 59 2",
  "last_name_en": "Udomphonworarak",
  "name_th": "นาย ณพงศ์ อุดมพรวรรักษ์",
  "religion_th": "",
  "serial_number": "",
}
`;

exports[`process 3.json return correctly 1`] = `
Object {
  "address_th_1": "14 หมู่ที่ 7 ต.หนองระเวียง อ.เมืองนครราชสีมา",
  "address_th_2": "จ.นครราชสีมา",
  "confidence": Object {
    "address_th_1": 0.96,
    "address_th_2": 0.82,
    "date_of_birth_en": 0.95,
    "date_of_birth_th": 0.99,
    "date_of_expiry_en": 0.7,
    "date_of_expiry_th": 0.99,
    "date_of_issue_en": 0.8,
    "date_of_issue_th": 0.98,
    "first_name_en": 0.99,
    "id_number": 0.97,
    "last_name_en": 0.87,
    "name_th": 0.98,
    "religion_th": 0,
    "serial_number": 0.82,
  },
  "date_of_birth_en": "22 Feb. 2002",
  "date_of_birth_th": "22 ก.พ. 2545",
  "date_of_expiry_en": "21 Feb. 2026",
  "date_of_expiry_th": "21 ก.พ. 2569",
  "date_of_issue_en": "7 Aug 2017",
  "date_of_issue_th": "7 ส.ค. 2560",
  "first_name_en": "Miss Krusumakorn",
  "id_number": "1 3099 02941 82 1",
  "last_name_en": "Faothalsong",
  "name_th": "น.ส. กรุสุมากร เฝ้าไธสงค์",
  "religion_th": "",
  "serial_number": "3001-02-08071436",
}
`;

exports[`process 4.json return correctly 1`] = `
Object {
  "address_th_1": "71 หมู่ที่ 3 ต.หนองเสม็ด อ.เมืองตราด",
  "address_th_2": "จ.ตราด",
  "confidence": Object {
    "address_th_1": 0.96,
    "address_th_2": 0.99,
    "date_of_birth_en": 0.94,
    "date_of_birth_th": 0.99,
    "date_of_expiry_en": 0.58,
    "date_of_expiry_th": 0.89,
    "date_of_issue_en": 0.78,
    "date_of_issue_th": 0.96,
    "first_name_en": 0.99,
    "id_number": 0.83,
    "last_name_en": 0.97,
    "name_th": 0.97,
    "religion_th": 0.7,
    "serial_number": 0.55,
  },
  "date_of_birth_en": "2 Jun. 2000",
  "date_of_birth_th": "2 มิ.ย. 2543",
  "date_of_expiry_en": "1 Jur1Jul. 2024",
  "date_of_expiry_th": "1 มิ.ย. 2567",
  "date_of_issue_en": "18 Apr. 2016",
  "date_of_issue_th": "18 เม.ย. 2559",
  "first_name_en": "Mr. Vitthawat",
  "id_number": "1239g 00319 94 6",
  "last_name_en": "Chanphuek",
  "name_th": "นาย วิทวัส จันทร์พฤกษ์",
  "religion_th": "พุทธ",
  "serial_number": "239902-04181012",
}
`;

exports[`process 5.json return correctly 1`] = `
Object {
  "address_th_1": "599/1 หมู่ที่ 1 ต.วังกระแจะ",
  "address_th_2": "อ.เมืองตราด จ.ตราด",
  "confidence": Object {
    "address_th_1": 0.95,
    "address_th_2": 0.82,
    "date_of_birth_en": 0.97,
    "date_of_birth_th": 0.96,
    "date_of_expiry_en": 0.3,
    "date_of_expiry_th": 0.58,
    "date_of_issue_en": 0.36,
    "date_of_issue_th": 0.54,
    "first_name_en": 0.97,
    "id_number": 0.74,
    "last_name_en": 0.95,
    "name_th": 0.82,
    "religion_th": 0,
    "serial_number": 0,
  },
  "date_of_birth_en": "19 Nov. 2001",
  "date_of_birth_th": "19 พ.ย. 2544",
  "date_of_expiry_en": "18 .",
  "date_of_expiry_th": "18 พ..",
  "date_of_issue_en": "14 Dec 2011",
  "date_of_issue_th": ".AS",
  "first_name_en": "Master Chatpong",
  "id_number": "1 2301 01104 11 8",
  "last_name_en": "Pongcharoen",
  "name_th": "ด.ช. ชัชพงศ์ พงษ์เจริญ",
  "religion_th": "",
  "serial_number": "",
}
`;
